2026-0419 15:05:15 [thread-4545] WARN com.example.Main - Message
2026-04-22 15:05:15 [thread-4545] ERROR com.example.Main - Message
2026-04-22 15:05:15 [thread-4545] ERR com.example.Main - "GET 222.240.113.166 HTTP/2.0" 200 3030
2026-04-22 15:05:15 [thread-4545] ERROR com.example.Main - Message
2026-04-22 15:05:15 [thread-4545] ERRR com.example.Main - Message
2026-0-10 15:05:15 [thread-4545] DEBUG com.example.Main - Message
202604-19 15:05:15 [main] INFO com.example.Main - Message
2026-04-1 15:05:15 [thread-454] WARN com.example.Deps - Message
2026-05-12 15:05:15 [main] INFO io.mope.Mouse - Message
2026-04-21 15:0515 [main] FATAL com.example.Main - Message
2026-04-22 15:5:15 [thread-4545] ERROR com.example.Deps - Message
2026-05-12 15:05:15[main] INFO io.mope.Mouse - Message
2026-04-0 15:05:15 [main] DEBUG com.example.Main - Message
2026-04-9 15:05:15 [thread-450] WARN io.mope.Mouse - Message
206-04-10 15:05:15 [main] DEBUG com.example.Main - Message
2026-04-19 1:05:15 [thread-4545] WARN com.example.Main - Message
2026-04-21 15:05:15[main] FATAL com.example.Main - Message
2026-04-19 15:05:15 main] WARN com.example.Main - Message
2026-04-22 15:05:5 [thread-454] ERROR io.mope.Mouse - Message
2026-0-10 15:05:15 [main] DEBUG com.example.Main - Message
2026-04-21 15:05:15 [main] FATAL com.example.Main - Message
2026-04-21 15:05:15 [main] FATAL com.example.Main - Message
2026-04-21 15:05:15 [main] FATAL com.example.Main - Message
2026-04-21 15:05:15 [main] FATAL com.example.Main - Message
2026-04-21 15:05:15 [main] FATAL com.example.Main - Message
2026-04-10 15:05:15 [main] DEBUG com.example.Main - Message
2026-04-10 15:05:15 [main] DEBUG com.example.Main - Message
2026-04-10 15:05:15 [main] DEBUG com.example.Main - Message
2026-04-9 15:05:15 [main] INFO com.example.Main - Message
026-04-19 15:05:15 [main] WARN com.example.Main - Message
2026-04-22 15:05:15 [thread-44] ERROR com.github.1bah.File - Message
2026-04-2 15:05:15 [main] ERROR com.example.Main - Message
2026-04-10 15:05:15 [thread-45] DEBUG com.example.Deps - Message
2026-04-10 15:05:15 [main] DEBUG com.example.Deps - Message
2026-04-22 1505:15 [thread-4545] ERROR com.example.Deps - Message
2026-04-22 5:05:15 [thread-4545] ERROR com.example.Main - Message
2026-05-19 15:05:15 thread-454] INFO com.example.Main - Message
2026-04-21 1:05:15 [thread-4545] FATAL com.example.Main - Message
2026-04-10 15:05:15 [main] DEBUG com.github.1bah.File - Message
2026-04-10 15:05:15 [main] DEBUG com.github.1bah.File - Message
2026-04-18 15:05:15 [main] INFO com.example.Deps - Message
2026-04-21 15:05:15 [main] FATAL io.mope.Mouse - Message
2026-04-22 15:05:15 [main] ERROR com.example.Main - Message
202-04-19 15:05:15 [main] WARN com.example.Main - Message
026-06-19 15:05:15 [thread-4545] INFO com.example.Deps - Message
2026-04-19 15:05:15 [thread-4545] WARN com.example.Main - Message
2026-04-19 15:05:15 [thread-4545] WARN com.example.Main - Message
2026-04-19 15:05:15 [thread-4545] WARN com.example.Main - Message
206-04-10 15:05:15 [main] DEBUG com.github.1bah.File - Message
2026-04-10 1:05:15 [thread-4545] DEBUG com.example.Main - Message
2026-04-22 15:05:15 [thread-4545] ERROR com.example.Deps - Message
2026-04-22 15:05:15 [thread-4545] ERROR com.example.Deps - Message
2026-05-19 15:05:15 [thread-454] INFO com.example.Main - Message
2026-04-22 15:05:15 [thread-454] ERR io.mope.Mouse - Message
2026-04-21 15:05:15 [thread-4545] FATAL com.example.Main - Message
2026-04-21 15:05:15 [thread-4545] FATAL com.example.Main - Message
2026-04-21 15:0515 [thread-4545] FATAL com.example.Main - Message
2026-4-22 15:05:15 [thread-44] ERROR com.github.1bah.File - Message
2026-05-19 15:05:5 [thread-4545] INFO com.github.1bah.File - Message
2026-4-22 15:05:15 [thread-4545] ERROR com.example.Main - Message
2026-04-19 15:0515 [thread-4545] WARN com.example.Main - Message
202604-19 15:05:15 [main] WARN com.example.Main - Message
2026-04-19 15:05:15 [thread-454] WARN com.example.Deps - Message
2026-06-19 15:05:15 [thread-4545] INFO com.example.Deps - Message
2026-04-10 1505:15 [thread-45] DEBUG com.example.Deps - Message
2026-04-19 15:05:15 [thread-450] WARN io.mope.Mouse - Message
026-04-10 15:05:15 [main] DEBUG com.github.1bah.File - Message
2026-04-10 1:05:15 [main] DEBUG com.example.Deps - Message
2026-04-21 15:05:1 [main] FATAL com.example.Main - Message
2026-04-10 15:05:15 [thread-4545] DEBUG com.example.Main - Message
2026-04-10 15:05:15 [thread-4545] DEBUG com.example.Main - Message
202604-10 15:05:15 [thread-455] DEBUG com.example.Main - Message
2026-05-19 15:05:15 [thread-4545] INFO com.github.1bah.File - Message
2026-0421 15:05:15 [main] FATAL com.example.Main - Message
2026-4-21 15:05:15 [main] FATAL com.example.Main - Message
2026-04-21 15:05:15 main] FATAL io.mope.Mouse - Message
2026-04-19 15:05:15 [main] INFO com.example.Main - Message
2026-04-19 15:05:15 [main] INFO com.example.Main - Message
2026-04-10 15:05:15 [thread-455] DEBUG com.example.Main - Message
2026-04-19 15:05:15 [main] WARN com.example.Main - Message
2026-04-19 15:05:15 [main] WARN com.example.Main - Message
2026-04-19 15:05:15 [main] WARN com.example.Main - Message
2026-04-19 15:05:15 [main] WARN com.example.Main - Message
2026-04-22 15:05:15 [main] INFO com.example.Main - Message
2026-04-22 1:05:15 [main] INFO com.example.Main - Message
2026-04-2215:05:15 [thread-4545] ERROR com.example.Main - Message
2026-04-18 15:5:15 [main] INFO com.example.Deps - Message
2026-04-18 15:05:15 [main] INFO com.example.Deps - Message
2026-04-19 15:05:15 [main] INFO com.example.Main - Message
2026-04-19 15:05:15 [main] INFO com.example.Main - Message
2026-04-21 15:05:15 main] FATAL io.mope.Mouse - Message
2026-04-2215:05:15 [thread-4545] ERROR com.example.Main - Message
026-04-10 15:05:15 [main] DEBUG com.github.1bah.File - Message
2026-04-10 15:05:15 [main] DEBUG com.github.1bah.File - Message
2026-04-10 15:05:15 [main] DEBUG com.github.1bah.File - Message
2026-4-22 15:05:15 [thread-4545] ERROR com.example.Main - Message
2026-04-22 1505:15 [thread-4545] ERROR com.example.Deps - Message
2026-04-10 15:05:15 [main] DEBUG com.example.Deps - Message
2026-04-10 15:05:15 [thread-4545] DEBUG com.example.Main - Message
2026-04-10 15:05:15 [thread-4545] DEBUG com.example.Main - Message
2026-05-19 15:05:15 [thread-454] INFO com.example.Main - Message
2026-05-19 15:05:5 [thread-4545] INFO com.github.1bah.File - Message
2026-04-10 15:05:15 [thread-45] DEBUG com.example.Deps - Message
2026-0419 15:05:15 [thread-4545] WARN com.example.Main - Message
2026-04-22 1:05:15 [main] INFO com.example.Main - Message
2026-04-21 1:05:15 [thread-4545] FATAL com.example.Main - Message
2026-04-21 15:05:15 [main] FATAL com.example.Main - Message
2026-04-21 15:05:15 [main] FATAL com.example.Main - Message
2026-04-21 15:05:15 [main] FATAL com.example.Main - Message
2026-04-21 15:05:15 [main] FATAL com.example.Main - Message
2026-04-21 15:05:15 [main] FATAL com.example.Main - Message
2026-4-21 15:05:15 [main] FATAL com.example.Main - Message
2026-05-12 15:05:15 [main] INFO io.mope.Mouse - Message
2026-04-22 15:05:5 [thread-454] ERROR io.mope.Mouse - Message
2026-04-18 15:5:15 [main] INFO com.example.Deps - Message
2026-04-9 15:05:15 [thread-450] WARN io.mope.Mouse - Message
2026-04-21 15:0515 [main] FATAL com.example.Main - Message
2026-04-19 15:05:15 [thread-450] WARN io.mope.Mouse - Message
2026-05-12 15:05:15[main] INFO io.mope.Mouse - Message
2026-04-22 15:05:15 [thread-44] ERROR com.github.1bah.File - Message
2026-04-22 15:05:15 [thread-454] ERROR io.mope.Mouse - Message
202604-10 15:05:15 [thread-455] DEBUG com.example.Main - Message
2026-04-21 15:0515 [thread-4545] FATAL com.example.Main - Message
2026-04-21 15:05:15 [thread-4545] FATAL com.example.Main - Message
2026-04-21 15:05:15 [thread-4545] FATAL com.example.Main - Message
206-04-10 15:05:15 [main] DEBUG com.github.1bah.File - Message
202-04-19 15:05:15 [main] WARN com.example.Main - Message
2026-04-22 15:05:15 [main] ERROR com.example.Main - Message
2026-04-19 15:05:15 [main] WARN com.example.Main - Message
2026-04-19 15:05:15 [main] WARN com.example.Main - Message
2026-04-19 15:05:15 [main] WARN com.example.Main - Message
2026-04-19 15:05:15 [main] WARN com.example.Main - Message
2026-04-19 15:05:15 main] WARN com.example.Main - Message
2026-04-19 15:0515 [thread-4545] WARN com.example.Main - Message
2026-0-10 15:05:15 [main] DEBUG com.example.Main - Message
2026-04-21 15:05:1 [main] FATAL com.example.Main - Message
2026-04-22 15:05:15 [thread-4545] ERROR com.example.Main - Message
2026-04-22 15:05:15 [thread-4545] ERROR com.example.Main - Message
2026-04-22 15:05:15 [thread-4545] ERROR com.example.Main - Message
2026-04-10 1505:15 [thread-45] DEBUG com.example.Deps - Message
2026-04-22 5:05:15 [thread-4545] ERROR com.example.Main - Message
2026-04-19 1:05:15 [thread-4545] WARN com.example.Main - Message
2026-0-10 15:05:15 [thread-4545] DEBUG com.example.Main - Message
202604-19 15:05:15 [main] INFO com.example.Main - Message
2026-04-19 15:05:15 [thread-454] WARN com.example.Deps - Message
026-06-19 15:05:15 [thread-4545] INFO com.example.Deps - Message
2026-04-21 15:05:15 [main] FATAL io.mope.Mouse - Message
026-04-19 15:05:15 [main] WARN com.example.Main - Message
2026-0421 15:05:15 [main] FATAL com.example.Main - Message
2026-05-19 15:05:15 thread-454] INFO com.example.Main - Message
2026-4-22 15:05:15 [thread-44] ERROR com.github.1bah.File - Message
2026-04-1 15:05:15 [thread-454] WARN com.example.Deps - Message
2026-04-22 15:05:15 [thread-4545] ERROR com.example.Deps - Message
2026-04-22 15:05:15 [thread-4545] ERROR com.example.Deps - Message
2026-04-9 15:05:15 [main] INFO com.example.Main - Message
206-04-10 15:05:15 [main] DEBUG com.example.Main - Message
2026-04-10 1:05:15 [main] DEBUG com.example.Deps - Message
2026-04-22 15:05:15 [main] INFO com.example.Main - Message
2026-04-10 15:05:15 [main] DEBUG com.example.Main - Message
2026-04-10 15:05:15 [main] DEBUG com.example.Main - Message
2026-04-10 15:05:15 [main] DEBUG com.example.Main - Message
2026-04-21 15:05:15[main] FATAL com.example.Main - Message
2026-04-0 15:05:15 [main] DEBUG com.example.Main - Message
2026-06-19 15:05:15 [thread-4545] INO com.example.Deps - Message
2026-05-19 15:05:15 [thread-4545] INFO com.github.1bah.File - Message
2026-04-19 15:05:15 [thread-4545] WARN com.example.Main - Message
2026-04-19 15:05:15 [thread-4545] WARN com.example.Main - Message
2026-04-19 15:05:15 [thread-4545] WARN com.example.Main - Message
2026-04-2 15:05:15 [main] ERROR com.example.Main - Message
2026-04-10 1:05:15 [thread-4545] DEBUG com.example.Main - Message
2026-04-22 15:5:15 [thread-4545] ERROR com.example.Deps - Message
202604-19 15:05:15 [main] WARN com.example.Main - Message
2026-04-10 15:05:15 [thread-455] DEBUG com.example.Main - Message
202604-19 15:05:15 [main] INFO com.example.Main - Message
202604-19 15:05:15 [main] INFO com.example.Main - Message
2026-0419 15:05:15 [thread-4545] WARN com.example.Main - Message
2026-0419 15:05:15 [thread-4545] WARN com.example.Main - Message
2026-04-10 15:05:15 [main] DEBUG com.example.Deps - Message
2026-04-10 15:05:15 [main] DEBUG com.example.Deps - Message
2026-04-19 15:05:15 [thread-454] WARN com.example.Deps - Message
2026-04-19 15:05:15 [thread-454] WARN com.example.Deps - Message
2026-04-21 15:05:1 [main] FATAL com.example.Main - Message
2026-04-21 15:05:1 [main] FATAL com.example.Main - Message
2026-04-19 15:05:15 [main] INFO com.example.Main - Message
2026-04-19 15:05:15 [main] INFO com.example.Main - Message
2026-04-19 15:05:15 [main] INFO com.example.Main - Message
2026-04-19 15:05:15 [main] INFO com.example.Main - Message
206-04-10 15:05:15 [main] DEBUG com.example.Main - Message
206-04-10 15:05:15 [main] DEBUG com.example.Main - Message
026-04-10 15:05:15 [main] DEBUG com.github.1bah.File - Message
026-04-10 15:05:15 [main] DEBUG com.github.1bah.File - Message
2026-04-21 1:05:15 [thread-4545] FATAL com.example.Main - Message
2026-04-21 1:05:15 [thread-4545] FATAL com.example.Main - Message
2026-04-2 15:05:15 [main] ERROR com.example.Main - Message
2026-04-2 15:05:15 [main] ERROR com.example.Main - Message
026-06-19 15:05:15 [thread-4545] INFO com.example.Deps - Message
026-06-19 15:05:15 [thread-4545] INFO com.example.Deps - Message
2026-04-22 1505:15 [thread-4545] ERROR com.example.Deps - Message
2026-04-22 1505:15 [thread-4545] ERROR com.example.Deps - Message
2026-04-18 15:05:15 [main] INFO com.example.Deps - Message
2026-04-18 15:05:15 [main] INFO com.example.Deps - Message
2026-04-21 15:05:15 [main] FATAL io.mope.Mouse - Message
2026-04-21 15:05:15 [main] FATAL io.mope.Mouse - Message
2026-04-22 15:05:15 [thread-4545] ERROR com.example.Deps - Message
2026-04-22 15:05:15 [thread-4545] ERROR com.example.Deps - Message
2026-04-22 15:05:15 [thread-4545] ERROR com.example.Deps - Message
2026-04-22 15:05:15 [thread-4545] ERROR com.example.Deps - Message
2026-04-21 15:05:15 [thread-4545] FATAL com.example.Main - Message
2026-04-21 15:05:15 [thread-4545] FATAL com.example.Main - Message
2026-04-21 15:05:15 [thread-4545] FATAL com.example.Main - Message
2026-04-21 15:05:15 [thread-4545] FATAL com.example.Main - Message
2026-04-9 15:05:15 [main] INFO com.example.Main - Message
2026-04-9 15:05:15 [main] INFO com.example.Main - Message
2026-04-19 15:05:15 main] WARN com.example.Main - Message
2026-04-19 15:05:15 main] WARN com.example.Main - Message
2026-04-10 1505:15 [thread-45] DEBUG com.example.Deps - Message
2026-04-10 1505:15 [thread-45] DEBUG com.example.Deps - Message
2026-04-22 15:05:15 [thread-4545] ERROR com.example.Main - Message
2026-04-22 15:05:15 [thread-4545] ERROR com.example.Main - Message
2026-04-22 15:05:15 [thread-4545] ERROR com.example.Main - Message
2026-04-22 15:05:15 [thread-4545] ERROR com.example.Main - Message
2026-04-22 15:05:15 [thread-4545] ERROR com.example.Main - Message
2026-04-22 15:05:15 [thread-4545] ERROR com.example.Main - Message
2026-05-19 15:05:15 [thread-454] INFO com.example.Main - Message
2026-05-19 15:05:15 [thread-454] INFO com.example.Main - Message
2026-04-10 15:05:15 [thread-4545] DEBUG com.example.Main - Message
2026-04-10 15:05:15 [thread-4545] DEBUG com.example.Main - Message
2026-04-10 15:05:15 [thread-4545] DEBUG com.example.Main - Message
2026-04-10 15:05:15 [thread-4545] DEBUG com.example.Main - Message
2026-04-22 15:05:15 [main] INFO com.example.Main - Message
2026-04-22 15:05:15 [main] INFO com.example.Main - Message
2026-04-10 15:05:15 [thread-455] DEBUG com.example.Main - Message
2026-04-10 15:05:15 [thread-455] DEBoUG com.example.Main - Message
2026-04-10 15:05:15 [main] DEBUG com.github.1bah.File - Message
2026-04-10 15:05:15 [main] DEBUG com.github.1bah.File - Message
2026-04-10 15:05:15 [main] DEBUG com.github.1bah.File - Message
2026-04-10 15:05:15 [main] DEBUG com.github.1bah.File - Message
2026-05-12 15:05:15 [main] INFO io.mope.Mouse - Message
2026-05-12 15:05:15 [main] INFO io.mope.Mouse - Message
2026-05-12 15:05:15[main] INFO io.mope.Mouse - Message
2026-05-12 15:05:15[main] INFO io.mope.Mouse - Message
2026-04-10 1:05:15 [thread-4545] DEBUG com.example.Main - Message
2026-04-10 1:05:15 [thread-4545] DEBUG com.example.Main - Message
2026-0-10 15:05:15 [thread-4545] DEBUG com.example.Main - Message
2026-0-10 15:05:15 [thread-4545] DEBUG com.example.Main - Message
2026-04-10 15:05:15 [main] DEBUG com.example.Main - Message
2026-04-10 15:05:15 [main] DEBUG com.example.Main - Message
2026-04-10 15:05:15 [main] DEBUG com.example.Main - Message
2026-04-10 15:05:15 [main] DEBUG com.example.Main - Message
2026-04-10 15:05:15 [main] DEBUG com.example.Main - Message
2026-04-10 15:05:15 [main] DEBUG com.example.Main - Message
2026-04-19 15:05:15 [main] WARN com.example.Main - Message
2026-04-19 15:05:15 [main] WARN com.example.Main - Message
2026-04-19 15:05:15 [main] WARN com.example.Main - Message
2026-04-19 15:05:15 [main] WARN com.example.Main - Message
2026-04-19 15:05:15 [main] WARN com.example.Main - Message
2026-04-19 15:05:15 [main] WARN com.example.Main - Message
2026-04-19 15:05:15 [main] WARN com.example.Main - Message
2026-04-19 15:05:15 [main] WARN com.example.Main - Message
2026-04-21 15:0515 [thread-4545] FATAL com.example.Main - Message
2026-04-21 15:0515 [thread-4545] FATAL com.example.Main - Message
2026-06-19 15:05:15 [thread-4545] INFO com.example.Deps - Message
2026-06-19 15:05:15 [thread-4545] INFO com.example.Deps - Message
2026-04-19 15:05:15 [thread-450] WARN io.mope.Mouse - Message
2026-04-19 15:05:15 [thread-450] WARN io.mope.Mouse - Message
2026-4-22 15:05:15 [thread-4545] ERROR com.example.Main - Message
2026-4-22 15:05:15 [thread-4545] ERROR com.example.Main - Message
2026-04-22 15:5:15 [thread-4545] ERROR com.example.Deps - Message
2026-04-22 15:5:15 [thread-4545] ERROR com.example.Deps - Message
2026-04-21 15:05:15[main] FATAL com.example.Main - Message
2026-04-21 15:05:15[main] FATAL com.example.Main - Message
206-04-10 15:05:15 [main] DEBUG com.github.1bah.File - Message
206-04-10 15:05:15 [main] DEBUG com.github.1bah.File - Message
2026-04-18 15:5:15 [main] INFO com.example.Deps - Message
2026-04-18 15:5:15 [main] INFO com.example.Deps - Message
026-04-19 15:05:15 [main] WARN com.example.Main - Message
026-04-19 15:05:15 [main] WARN com.example.Main - Message
2026-04-22 15:05:15 [main] ERROR com.example.Main - Message
2026-04-22 15:05:15 [main] ERROR com.example.Main - Message
2026-04-9 15:05:15 [thread-450] WARN io.mope.Mouse - Message
2026-04-9 15:05:15 [thread-450] WARN io.mope.Mouse - Message
2026-05-19 15:05:15 [thread-4545] INFO com.github.1bah.File - Message
2026-05-19 15:05:15 [thread-4545] INFO com.github.1bah.File - Message
2026-05-19 15:05:5 [thread-4545] INFO com.github.1bah.File - Message
2026-05-19 15:05:5 [thread-4545] INFO com.github.1bah.File - Message
2026-04-21 15:0515 [main] FATAL com.example.Main - Message
2026-04-21 15:0515 [main] FATAL com.example.Main - Message
2026-04-10 15:05:15 [thread-45] DEBUG com.example.Deps - Message
2026-04-10 15:05:15 [thread-45] DEBUG com.example.Deps - Message
2026-04-19 1:05:15 [thread-4545] WARN com.example.Main - Message
2026-04-19 1:05:15 [thread-4545] WARN com.example.Main - Message
2026-04-19 15:0515 [thread-4545] WARN com.example.Main - Message
2026-04-19 15:0515 [thread-4545] WARN com.example.Main - Message
2026-04-22 5:05:15 [thread-4545] ERROR com.example.Main - Message
2026-04-22 5:05:15 [thread-4545] ERROR com.example.Main - Message
202-04-19 15:05:15 [main] WARN com.example.Main - Message
202-04-19 15:05:15 [main] WARN com.example.Main - Message
2026-04-21 15:05:15 main] FATAL io.mope.Mouse - Message
2026-04-21 15:05:15 main] FATAL io.mope.Mouse - Message
2026-4-22 15:05:15 [thread-44] ERROR com.github.1bah.File - Message
2026-4-22 15:05:15 [thread-44] ERROR com.github.1bah.File - Message
2026-04-22 15:05:15 [thread-454] ERROR io.mope.Mouse - Message
2026-04-22 15:05:15 [thread-454] ERROR io.mope.Mouse - Message
2026-4-21 15:05:15 [main] FATAL com.example.Main - Message
2026-4-21 15:05:15 [main] FATAL com.example.Main - Message
2026-04-2215:05:15 [thread-4545] ERROR com.example.Main - Message
2026-04-2215:05:15 [thread-4545] ERROR com.example.Main - Message
2026-04-0 15:05:15 [main] DEBUG com.example.Main - Message
2026-04-0 15:05:15 [main] DEBUG com.example.Main - Message
2026-04-22 15:05:15 [thread-44] ERROR com.github.1bah.File - Message
2026-04-22 15:05:15 [thread-44] ERROR com.github.1bah.File - Message
2026-04-22 15:05:5 [thread-454] ERRR io.mope.Mouse - Message
2026-04-22 15:05:5 [thread-454] ERRO1R io.mope.Mouse - Message
2026-04-21 15:05:15 [main] FATAL com.example.Main - Message
2026-04-21 15:05:15 [main] FATAL com.example.Main - Message
2026-04-21 15:05:15 [main] FATAL com.example.Main - Message
2026-04-21 15:05:15 [main] FATAL com.example.Main - Message
2026-04-21 15:05:15 [main] FATAL com.example.Main - Message
2026-04-21 15:05:15 [main] FATAL com.example.Main - Message
2026-04-21 15:05:15 [main] FATAL com.example.Main - Message
2026-04-21 15:05:15 [main] FATAL com.example.Main - Message
2026-04-21 15:05:15 [main] FATAL com.example.Main - Message
2026-04-21 15:05:15 [main] FATAL com.example.Main - Message
202604-10 15:05:15 [thread-455] DEBUG com.example.Main - Message
202604-10 15:05:15 [thread-455] DEBUG com.example.Main - Message
2026-0421 15:05:15 [main] FATAL com.example.Main - Message
2026-0421 15:05:15 [main] FATAL com.example.Main - Message
2026-0-10 15:05:15 [main] DEBUG com.example.Main - Message
2026-0-10 15:05:15 [main] DEBUG com.example.Main - Message
2026-05-19 15:05:15 thread-454] INFO com.example.Main - Message
2026-05-19 15:05:15 thread-454] INFO com.example.Main - Message
2026-04-19 15:05:15 [thread-4545] WARN com.example.Main - Message
2026-04-19 15:05:15 [thread-4545] WARN com.example.Main - Message
2026-04-19 15:05:15 [thread-4545] WARN com.example.Main - Message
2026-04-19 15:05:15 [thread-4545] WARN com.example.Main - Message
2026-04-19 15:05:15 [thread-4545] WARN com.example.Main - Message
2026-04-19 15:05:15 [thread-4545] WARN com.example.Main - Message
2026-04-10 1:05:15 [main] DEBUG com.example.Deps - Message
2026-04-10 1:05:15 [main] DEBUG com.example.Deps - Message
202604-19 15:05:15 [main] WARN com.example.Main - Message
202604-19 15:05:15 [main] WARN com.example.Main - Message
2026-04-1 15:05:15 [thread-454] WARN com.example.Deps - Message
2026-04-1 15:05:15 [thread-454] W2ARN com.example.Deps - Message
2026-04-22 1:05:15 [main] INFO com.example.Main - Message
2026-04-22 1:05:15 [main] INFO com.example.Main - Message
